[thetuscanpaw.com/index.html]
[backblue.gif]
[fade.gif]
[index.html]
[thetuscanpaw.com/wp-content/uploads/blocksy/css/global5df7.css]
[thetuscanpaw.com/wp-content/plugins/woocommerce-subscriptions/build/index9662.css]
[thetuscanpaw.com/wp-content/plugins/woocommerce/assets/css/brandsdaac.css]
[thetuscanpaw.com/comments/feed/index.html]
[thetuscanpaw.com/feed/index.html]
[thetuscanpaw.com/wp-content/themes/blocksy/style0899.css]
[thetuscanpaw.com/wp-content/themes/blocksy/static/bundle/main.min3c94.css]
[thetuscanpaw.com/wp-content/themes/blocksy/static/bundle/woocommerce.min3c94.css]
[thetuscanpaw.com/wp-content/themes/blocksy/static/bundle/page-title.min3c94.css]
[thetuscanpaw.com/wp-content/themes/blocksy/static/bundle/elementor-frontend.min3c94.css]
[thetuscanpaw.com/wp-content/themes/blocksy/static/bundle/elementor-woocommerce-frontend.min3c94.css]
[thetuscanpaw.com/wp-content/themes/blocksy/static/bundle/flexy.min3c94.css]
[thetuscanpaw.com/wp-content/plugins/elementor/assets/css/frontend.min2801.css]
[thetuscanpaw.com/wp-content/plugins/elementor/assets/css/widget-spacer.min2801.css]
[thetuscanpaw.com/wp-content/plugins/elementor/assets/css/widget-heading.min2801.css]
[thetuscanpaw.com/wp-content/plugins/elementor/assets/lib/animations/styles/e-animation-grow.min2801.css]
[thetuscanpaw.com/wp-content/plugins/elementor-pro/assets/css/widget-form.min2801.css]
[thetuscanpaw.com/wp-content/plugins/elementor-pro/assets/css/widget-nav-menu.min2801.css]
[thetuscanpaw.com/wp-content/plugins/elementor/assets/css/widget-icon-list.min2801.css]
[thetuscanpaw.com/wp-content/plugins/elementor/assets/css/widget-social-icons.min2801.css]
[thetuscanpaw.com/wp-content/plugins/elementor/assets/css/conditionals/apple-webkit.min2801.css]
[thetuscanpaw.com/wp-content/plugins/elementor/assets/css/widget-image.min2801.css]
[thetuscanpaw.com/wp-content/plugins/elementor-pro/assets/css/modules/motion-fx.min2801.css]
[thetuscanpaw.com/wp-content/plugins/elementor-pro/assets/css/widget-woocommerce-products.min2801.css]
[thetuscanpaw.com/wp-content/plugins/elementor/assets/css/widget-video.min2801.css]
[thetuscanpaw.com/wp-content/plugins/blocksy-companion/static/bundle/header-account.mine1fc.css]
[thetuscanpaw.com/wp-content/uploads/elementor/google-fonts/css/roboto68ce.css]
[thetuscanpaw.com/wp-content/uploads/elementor/google-fonts/css/robotoslabb3bf.css]
[thetuscanpaw.com/wp-content/uploads/elementor/google-fonts/css/ibmplexserifa7d0.css]
[thetuscanpaw.com/wp-content/uploads/elementor/google-fonts/css/poppins87e5.css]
[thetuscanpaw.com/wp-content/uploads/elementor/google-fonts/css/manrope6850.css]
[thetuscanpaw.com/wp-includes/js/jquery/jquery.minf43b.js]
[thetuscanpaw.com/wp-includes/js/jquery/jquery-migrate.min5589.js]
[thetuscanpaw.com/wp-content/plugins/woocommerce/assets/js/jquery-blockui/jquery.blockUI.min86fd.js]
[thetuscanpaw.com/wp-content/plugins/woocommerce/assets/js/frontend/add-to-cart.mindaac.js]
[thetuscanpaw.com/wp-content/plugins/woocommerce/assets/js/js-cookie/js.cookie.min0333.js]
[thetuscanpaw.com/wp-content/plugins/woocommerce/assets/js/frontend/woocommerce.mindaac.js]
[thetuscanpaw.com/wp-content/plugins/woocommerce/assets/js/frontend/cart-fragments.mindaac.js]
[thetuscanpaw.com/wp-json/index.html]
[thetuscanpaw.com/wp-json/wp/v2/pages/5276.json]
[thetuscanpaw.com/xmlrpc0db0.php]
[thetuscanpaw.com/wp-json/oembed/1.0/embedeceb.json]
[thetuscanpaw.com/wp-json/oembed/1.0/embed9ed1]
[thetuscanpaw.com/wp-content/themes/blocksy/static/bundle/no-scripts.min.css]
[thetuscanpaw.com/wp-content/uploads/2025/04/cropped-Logo-B_FinalWhite-2-32x32.png]
[thetuscanpaw.com/wp-content/uploads/2025/04/cropped-Logo-B_FinalWhite-2-192x192.png]
[thetuscanpaw.com/wp-content/uploads/2025/04/cropped-Logo-B_FinalWhite-2-180x180.png]
[thetuscanpaw.com/wp-content/uploads/2024/12/green-long-solid-circle@4x-8-1.png]
[thetuscanpaw.com/wp-content/uploads/2025/01/Mesa-de-trabajo-1-2.jpg]
[thetuscanpaw.com/wp-content/uploads/2024/12/MANZO-300x300.jpg]
[thetuscanpaw.com/chi-siamo/index.html]
[thetuscanpaw.com/wp-content/uploads/2024/12/pollo.jpg]
[thetuscanpaw.com/negozio/index.html]
[thetuscanpaw.com/cosa-offriamo/index.html]
[thetuscanpaw.com/contatto/index.html]
[thetuscanpaw.com/wp-content/uploads/2025/01/bassotto-ttp1.png]
[thetuscanpaw.com/carrello/index.html]
[thetuscanpaw.com/negozio/cibo-umido-150g/index.html]
[thetuscanpaw.com/privacy-policy-2/index.html]
[thetuscanpaw.com/wp-content/uploads/2021/12/payment-icons-footer.svg]
[thetuscanpaw.com/negozio/pate-di-manzo-con-verdure-x-60-unita/index.html]
[thetuscanpaw.com/wp-content/plugins/woocommerce-gateway-stripe/build/upe-blocksbc2f.css]
[thetuscanpaw.com/product-category/cibo/index.html]
[thetuscanpaw.com/wp-content/plugins/woocommerce/assets/client/blocks/wc-blocks392f.css]
[thetuscanpaw.com/product-category/senza-categoria/index.html]
[thetuscanpaw.com/wp-content/themes/blocksy/static/bundle/main3c94.js]
[thetuscanpaw.com/wp-content/plugins/elementor/assets/js/webpack.runtime.min2801.js]
[thetuscanpaw.com/politica-di-rimborso-e-reso/index.html]
[thetuscanpaw.com/il-mio-account/index.html]
[thetuscanpaw.com/wp-content/plugins/elementor/assets/js/frontend-modules.min2801.js]
[thetuscanpaw.com/wp-includes/js/jquery/ui/core.minb37e.js]
[thetuscanpaw.com/wp-content/plugins/elementor/assets/js/frontend.min2801.js]
[thetuscanpaw.com/wp-content/plugins/elementor-pro/assets/lib/smartmenus/jquery.smartmenus.min1576.js]
[thetuscanpaw.com/wp-content/plugins/woocommerce/assets/js/sourcebuster/sourcebuster.mindaac.js]
[thetuscanpaw.com/wp-content/plugins/woocommerce/assets/js/frontend/order-attribution.mindaac.js]
[thetuscanpaw.com/wp-content/plugins/gtranslate/js/flags0899.js]
[thetuscanpaw.com/wp-includes/js/dist/hooks.min4fdd.js]
[thetuscanpaw.com/wp-content/plugins/google-listings-and-ads/js/build/gtag-eventsa900.js]
[thetuscanpaw.com/wp-content/plugins/elementor-pro/assets/js/webpack-pro.runtime.min2801.js]
[thetuscanpaw.com/wp-includes/js/dist/i18n.minc33c.js]
[thetuscanpaw.com/wp-content/plugins/elementor-pro/assets/js/frontend.min2801.js]
[thetuscanpaw.com/wp-content/plugins/elementor-pro/assets/js/elements-handlers.min2801.js]
[thetuscanpaw.com/index.html]
[thetuscanpaw.com/wp-content/uploads/blocksy/css/global5df7.css]
[thetuscanpaw.com/wp-content/plugins/woocommerce-subscriptions/build/index9662.css]
[thetuscanpaw.com/wp-content/plugins/woocommerce/assets/css/brandsdaac.css]
[thetuscanpaw.com/wp-content/themes/blocksy/style0899.css]
[thetuscanpaw.com/wp-content/themes/blocksy/static/fonts/stars.woff2]
[thetuscanpaw.com/wp-content/themes/blocksy/static/bundle/main.min3c94.css]
[thetuscanpaw.com/wp-content/themes/blocksy/static/fonts/woo.woff2]
[thetuscanpaw.com/wp-content/themes/blocksy/static/bundle/woocommerce.min3c94.css]
[thetuscanpaw.com/wp-content/themes/blocksy/static/bundle/page-title.min3c94.css]
[thetuscanpaw.com/wp-content/themes/blocksy/static/bundle/elementor-frontend.min3c94.css]
[thetuscanpaw.com/wp-content/themes/blocksy/static/bundle/elementor-woocommerce-frontend.min3c94.css]
[thetuscanpaw.com/wp-content/themes/blocksy/static/bundle/flexy.min3c94.css]
[thetuscanpaw.com/wp-content/plugins/elementor/assets/css/frontend.min2801.css]
[thetuscanpaw.com/wp-content/plugins/elementor/assets/css/widget-spacer.min2801.css]
[thetuscanpaw.com/wp-content/plugins/elementor/assets/css/widget-heading.min2801.css]
[thetuscanpaw.com/wp-content/plugins/elementor/assets/lib/animations/styles/e-animation-grow.min2801.css]
[thetuscanpaw.com/wp-content/plugins/elementor-pro/assets/css/widget-form.min2801.css]
[thetuscanpaw.com/wp-content/plugins/elementor-pro/assets/css/widget-nav-menu.min2801.css]
[thetuscanpaw.com/wp-content/plugins/elementor/assets/css/widget-icon-list.min2801.css]
[thetuscanpaw.com/wp-content/plugins/elementor/assets/css/widget-social-icons.min2801.css]
[thetuscanpaw.com/wp-content/plugins/elementor/assets/css/conditionals/apple-webkit.min2801.css]
[thetuscanpaw.com/wp-content/plugins/elementor/assets/css/widget-image.min2801.css]
[thetuscanpaw.com/wp-content/plugins/elementor-pro/assets/css/modules/motion-fx.min2801.css]
[thetuscanpaw.com/wp-content/plugins/elementor-pro/assets/css/widget-woocommerce-products.min2801.css]
[thetuscanpaw.com/wp-content/plugins/elementor/assets/css/widget-video.min2801.css]
[thetuscanpaw.com/wp-content/plugins/blocksy-companion/static/bundle/header-account.mine1fc.css]
[thetuscanpaw.com/wp-content/uploads/elementor/google-fonts/fonts/roboto-kfo5cnqeu92fr1mu53zec9_vu3r1gihoszmkc3kawzu.woff2]
[thetuscanpaw.com/wp-content/uploads/elementor/google-fonts/fonts/roboto-kfo5cnqeu92fr1mu53zec9_vu3r1gihoszmkankawzu.woff2]
[thetuscanpaw.com/wp-content/uploads/elementor/google-fonts/fonts/roboto-kfo5cnqeu92fr1mu53zec9_vu3r1gihoszmkcnkawzu.woff2]
[thetuscanpaw.com/wp-content/uploads/elementor/google-fonts/fonts/roboto-kfo5cnqeu92fr1mu53zec9_vu3r1gihoszmkbxkawzu.woff2]
[thetuscanpaw.com/wp-content/uploads/elementor/google-fonts/fonts/roboto-kfo5cnqeu92fr1mu53zec9_vu3r1gihoszmkenkawzu.woff2]
[thetuscanpaw.com/wp-content/uploads/elementor/google-fonts/fonts/roboto-kfo5cnqeu92fr1mu53zec9_vu3r1gihoszmkahkawzu.woff2]
[thetuscanpaw.com/wp-content/uploads/elementor/google-fonts/fonts/roboto-kfo5cnqeu92fr1mu53zec9_vu3r1gihoszmkcxkawzu.woff2]
[thetuscanpaw.com/wp-content/uploads/elementor/google-fonts/fonts/roboto-kfo5cnqeu92fr1mu53zec9_vu3r1gihoszmkchkawzu.woff2]
[thetuscanpaw.com/wp-content/uploads/elementor/google-fonts/fonts/roboto-kfo5cnqeu92fr1mu53zec9_vu3r1gihoszmkbnka.woff2]
[thetuscanpaw.com/wp-content/uploads/elementor/google-fonts/fonts/roboto-kfo7cnqeu92fr1me7ksn66agldtyluama3gubgee.woff2]
[thetuscanpaw.com/wp-content/uploads/elementor/google-fonts/fonts/roboto-kfo7cnqeu92fr1me7ksn66agldtyluama3iubgee.woff2]
[thetuscanpaw.com/wp-content/uploads/elementor/google-fonts/fonts/roboto-kfo7cnqeu92fr1me7ksn66agldtyluama3cubgee.woff2]
[thetuscanpaw.com/wp-content/uploads/elementor/google-fonts/fonts/roboto-kfo7cnqeu92fr1me7ksn66agldtyluama3-ubgee.woff2]
[thetuscanpaw.com/wp-content/uploads/elementor/google-fonts/fonts/roboto-kfo7cnqeu92fr1me7ksn66agldtyluamawcubgee.woff2]
[thetuscanpaw.com/wp-content/uploads/elementor/google-fonts/fonts/roboto-kfo7cnqeu92fr1me7ksn66agldtyluamaxkubgee.woff2]
[thetuscanpaw.com/wp-content/uploads/elementor/google-fonts/fonts/roboto-kfo7cnqeu92fr1me7ksn66agldtyluama3oubgee.woff2]
[thetuscanpaw.com/wp-content/uploads/elementor/google-fonts/fonts/roboto-kfo7cnqeu92fr1me7ksn66agldtyluama3kubgee.woff2]
[thetuscanpaw.com/wp-content/uploads/elementor/google-fonts/fonts/roboto-kfo7cnqeu92fr1me7ksn66agldtyluama3yuba.woff2]
[thetuscanpaw.com/wp-content/uploads/elementor/google-fonts/css/roboto68ce.css]
[thetuscanpaw.com/wp-content/uploads/elementor/google-fonts/fonts/robotoslab-bngmuxzytxpivibgjjsb6ufa5qw54a.woff2]
[thetuscanpaw.com/wp-content/uploads/elementor/google-fonts/fonts/robotoslab-bngmuxzytxpivibgjjsb6ufj5qw54a.woff2]
[thetuscanpaw.com/wp-content/uploads/elementor/google-fonts/fonts/robotoslab-bngmuxzytxpivibgjjsb6ufb5qw54a.woff2]
[thetuscanpaw.com/wp-content/uploads/elementor/google-fonts/fonts/robotoslab-bngmuxzytxpivibgjjsb6ufo5qw54a.woff2]
[thetuscanpaw.com/wp-content/uploads/elementor/google-fonts/fonts/robotoslab-bngmuxzytxpivibgjjsb6ufc5qw54a.woff2]
[thetuscanpaw.com/wp-content/uploads/elementor/google-fonts/fonts/robotoslab-bngmuxzytxpivibgjjsb6ufd5qw54a.woff2]
[thetuscanpaw.com/wp-content/uploads/elementor/google-fonts/fonts/robotoslab-bngmuxzytxpivibgjjsb6ufn5qu.woff2]
[thetuscanpaw.com/wp-content/uploads/elementor/google-fonts/css/robotoslabb3bf.css]
[thetuscanpaw.com/wp-content/uploads/elementor/google-fonts/fonts/ibmplexserif-jizhrevnn1dox-zrz2x3pzvktiua41yjgx7msno.woff2]
[thetuscanpaw.com/wp-content/uploads/elementor/google-fonts/fonts/ibmplexserif-jizhrevnn1dox-zrz2x3pzvktiua41yjih7msno.woff2]
[thetuscanpaw.com/wp-content/uploads/elementor/google-fonts/fonts/ibmplexserif-jizhrevnn1dox-zrz2x3pzvktiua41yjg37msno.woff2]
[thetuscanpaw.com/wp-content/uploads/elementor/google-fonts/fonts/ibmplexserif-jizhrevnn1dox-zrz2x3pzvktiua41yjgn7msno.woff2]
[thetuscanpaw.com/wp-content/uploads/elementor/google-fonts/fonts/ibmplexserif-jizhrevnn1dox-zrz2x3pzvktiua41yjjh7m.woff2]
[thetuscanpaw.com/wp-content/uploads/elementor/google-fonts/fonts/ibmplexserif-jizgrevnn1dox-zrz2x3pzvktiua4_oym1tpjeog.woff2]
[thetuscanpaw.com/wp-content/uploads/elementor/google-fonts/fonts/ibmplexserif-jizgrevnn1dox-zrz2x3pzvktiua4_oym13pjeog.woff2]
[thetuscanpaw.com/wp-content/uploads/elementor/google-fonts/fonts/ibmplexserif-jizgrevnn1dox-zrz2x3pzvktiua4_oym1bpjeog.woff2]
[thetuscanpaw.com/wp-content/uploads/elementor/google-fonts/fonts/ibmplexserif-jizgrevnn1dox-zrz2x3pzvktiua4_oym1fpjeog.woff2]
[thetuscanpaw.com/wp-content/uploads/elementor/google-fonts/fonts/ibmplexserif-jizgrevnn1dox-zrz2x3pzvktiua4_oym1npjq.woff2]
[thetuscanpaw.com/wp-content/uploads/elementor/google-fonts/fonts/ibmplexserif-jizgrevnn1dox-zrz2x3pzvktiua454xm1tpjeog.woff2]
[thetuscanpaw.com/wp-content/uploads/elementor/google-fonts/fonts/ibmplexserif-jizgrevnn1dox-zrz2x3pzvktiua454xm13pjeog.woff2]
[thetuscanpaw.com/wp-content/uploads/elementor/google-fonts/fonts/ibmplexserif-jizgrevnn1dox-zrz2x3pzvktiua454xm1bpjeog.woff2]
[thetuscanpaw.com/wp-content/uploads/elementor/google-fonts/fonts/ibmplexserif-jizgrevnn1dox-zrz2x3pzvktiua454xm1fpjeog.woff2]
[thetuscanpaw.com/wp-content/uploads/elementor/google-fonts/fonts/ibmplexserif-jizgrevnn1dox-zrz2x3pzvktiua454xm1npjq.woff2]
[thetuscanpaw.com/wp-content/uploads/elementor/google-fonts/fonts/ibmplexserif-jizbrevnn1dox-zrz2x3pzvktiua6zgtjmbi.woff2]
[thetuscanpaw.com/wp-content/uploads/elementor/google-fonts/fonts/ibmplexserif-jizbrevnn1dox-zrz2x3pzvktiua6zetjmbi.woff2]
[thetuscanpaw.com/wp-content/uploads/elementor/google-fonts/fonts/ibmplexserif-jizbrevnn1dox-zrz2x3pzvktiua6zotjmbi.woff2]
[thetuscanpaw.com/wp-content/uploads/elementor/google-fonts/fonts/ibmplexserif-jizbrevnn1dox-zrz2x3pzvktiua6zstjmbi.woff2]
[thetuscanpaw.com/wp-content/uploads/elementor/google-fonts/fonts/ibmplexserif-jizbrevnn1dox-zrz2x3pzvktiua6zutjg.woff2]
[thetuscanpaw.com/wp-content/uploads/elementor/google-fonts/fonts/ibmplexserif-jizgrevnn1dox-zrz2x3pzvktiua48ywm1tpjeog.woff2]
[thetuscanpaw.com/wp-content/uploads/elementor/google-fonts/fonts/ibmplexserif-jizgrevnn1dox-zrz2x3pzvktiua48ywm13pjeog.woff2]
[thetuscanpaw.com/wp-content/uploads/elementor/google-fonts/fonts/ibmplexserif-jizgrevnn1dox-zrz2x3pzvktiua48ywm1bpjeog.woff2]
[thetuscanpaw.com/wp-content/uploads/elementor/google-fonts/fonts/ibmplexserif-jizgrevnn1dox-zrz2x3pzvktiua48ywm1fpjeog.woff2]
[thetuscanpaw.com/wp-content/uploads/elementor/google-fonts/fonts/ibmplexserif-jizgrevnn1dox-zrz2x3pzvktiua48ywm1npjq.woff2]
[thetuscanpaw.com/wp-content/uploads/elementor/google-fonts/fonts/ibmplexserif-jizgrevnn1dox-zrz2x3pzvktiua4-o3m1tpjeog.woff2]
[thetuscanpaw.com/wp-content/uploads/elementor/google-fonts/fonts/ibmplexserif-jizgrevnn1dox-zrz2x3pzvktiua4-o3m13pjeog.woff2]
[thetuscanpaw.com/wp-content/uploads/elementor/google-fonts/fonts/ibmplexserif-jizgrevnn1dox-zrz2x3pzvktiua4-o3m1bpjeog.woff2]
[thetuscanpaw.com/wp-content/uploads/elementor/google-fonts/fonts/ibmplexserif-jizgrevnn1dox-zrz2x3pzvktiua4-o3m1fpjeog.woff2]
[thetuscanpaw.com/wp-content/uploads/elementor/google-fonts/fonts/ibmplexserif-jizgrevnn1dox-zrz2x3pzvktiua4-o3m1npjq.woff2]
[thetuscanpaw.com/wp-content/uploads/elementor/google-fonts/fonts/ibmplexserif-jizgrevnn1dox-zrz2x3pzvktiua4442m1tpjeog.woff2]
[thetuscanpaw.com/wp-content/uploads/elementor/google-fonts/fonts/ibmplexserif-jizgrevnn1dox-zrz2x3pzvktiua4442m13pjeog.woff2]
[thetuscanpaw.com/wp-content/uploads/elementor/google-fonts/fonts/ibmplexserif-jizgrevnn1dox-zrz2x3pzvktiua4442m1bpjeog.woff2]
[thetuscanpaw.com/wp-content/uploads/elementor/google-fonts/fonts/ibmplexserif-jizgrevnn1dox-zrz2x3pzvktiua4442m1fpjeog.woff2]
[thetuscanpaw.com/wp-content/uploads/elementor/google-fonts/fonts/ibmplexserif-jizgrevnn1dox-zrz2x3pzvktiua4442m1npjq.woff2]
[thetuscanpaw.com/wp-content/uploads/elementor/google-fonts/fonts/ibmplexserif-jizbrevnn1dox-zrz2x3pzvkti186zgtjmbi.woff2]
[thetuscanpaw.com/wp-content/uploads/elementor/google-fonts/fonts/ibmplexserif-jizbrevnn1dox-zrz2x3pzvkti186zetjmbi.woff2]
[thetuscanpaw.com/wp-content/uploads/elementor/google-fonts/fonts/ibmplexserif-jizbrevnn1dox-zrz2x3pzvkti186zotjmbi.woff2]
[thetuscanpaw.com/wp-content/uploads/elementor/google-fonts/fonts/ibmplexserif-jizbrevnn1dox-zrz2x3pzvkti186zstjmbi.woff2]
[thetuscanpaw.com/wp-content/uploads/elementor/google-fonts/fonts/ibmplexserif-jizbrevnn1dox-zrz2x3pzvkti186zutjg.woff2]
[thetuscanpaw.com/wp-content/uploads/elementor/google-fonts/fonts/ibmplexserif-jizarevnn1dox-zrz2x3pzvkti3q-ii5q1vxiq.woff2]
[thetuscanpaw.com/wp-content/uploads/elementor/google-fonts/fonts/ibmplexserif-jizarevnn1dox-zrz2x3pzvkti3q-iiwq1vxiq.woff2]
[thetuscanpaw.com/wp-content/uploads/elementor/google-fonts/fonts/ibmplexserif-jizarevnn1dox-zrz2x3pzvkti3q-ii7q1vxiq.woff2]
[thetuscanpaw.com/wp-content/uploads/elementor/google-fonts/fonts/ibmplexserif-jizarevnn1dox-zrz2x3pzvkti3q-ii6q1vxiq.woff2]
[thetuscanpaw.com/wp-content/uploads/elementor/google-fonts/fonts/ibmplexserif-jizarevnn1dox-zrz2x3pzvkti3q-ii0q1s.woff2]
[thetuscanpaw.com/wp-content/uploads/elementor/google-fonts/fonts/ibmplexserif-jizarevnn1dox-zrz2x3pzvkti20-si5q1vxiq.woff2]
[thetuscanpaw.com/wp-content/uploads/elementor/google-fonts/fonts/ibmplexserif-jizarevnn1dox-zrz2x3pzvkti20-siwq1vxiq.woff2]
[thetuscanpaw.com/wp-content/uploads/elementor/google-fonts/fonts/ibmplexserif-jizarevnn1dox-zrz2x3pzvkti20-si7q1vxiq.woff2]
[thetuscanpaw.com/wp-content/uploads/elementor/google-fonts/fonts/ibmplexserif-jizarevnn1dox-zrz2x3pzvkti20-si6q1vxiq.woff2]
[thetuscanpaw.com/wp-content/uploads/elementor/google-fonts/fonts/ibmplexserif-jizarevnn1dox-zrz2x3pzvkti20-si0q1s.woff2]
[thetuscanpaw.com/wp-content/uploads/elementor/google-fonts/fonts/ibmplexserif-jizdrevnn1dox-zrz2x3pzvktius2zclig.woff2]
[thetuscanpaw.com/wp-content/uploads/elementor/google-fonts/fonts/ibmplexserif-jizdrevnn1dox-zrz2x3pzvktiub2zclig.woff2]
[thetuscanpaw.com/wp-content/uploads/elementor/google-fonts/fonts/ibmplexserif-jizdrevnn1dox-zrz2x3pzvktiuq2zclig.woff2]
[thetuscanpaw.com/wp-content/uploads/elementor/google-fonts/fonts/ibmplexserif-jizdrevnn1dox-zrz2x3pzvktiur2zclig.woff2]
[thetuscanpaw.com/wp-content/uploads/elementor/google-fonts/fonts/ibmplexserif-jizdrevnn1dox-zrz2x3pzvktiuf2zc.woff2]
[thetuscanpaw.com/wp-content/uploads/elementor/google-fonts/fonts/ibmplexserif-jizarevnn1dox-zrz2x3pzvkti3s-ci5q1vxiq.woff2]
[thetuscanpaw.com/wp-content/uploads/elementor/google-fonts/fonts/ibmplexserif-jizarevnn1dox-zrz2x3pzvkti3s-ciwq1vxiq.woff2]
[thetuscanpaw.com/wp-content/uploads/elementor/google-fonts/fonts/ibmplexserif-jizarevnn1dox-zrz2x3pzvkti3s-ci7q1vxiq.woff2]
[thetuscanpaw.com/wp-content/uploads/elementor/google-fonts/fonts/ibmplexserif-jizarevnn1dox-zrz2x3pzvkti3s-ci6q1vxiq.woff2]
[thetuscanpaw.com/wp-content/uploads/elementor/google-fonts/fonts/ibmplexserif-jizarevnn1dox-zrz2x3pzvkti3s-ci0q1s.woff2]
[thetuscanpaw.com/wp-content/uploads/elementor/google-fonts/fonts/ibmplexserif-jizarevnn1dox-zrz2x3pzvkti3a_yi5q1vxiq.woff2]
[thetuscanpaw.com/wp-content/uploads/elementor/google-fonts/fonts/ibmplexserif-jizarevnn1dox-zrz2x3pzvkti3a_yiwq1vxiq.woff2]
[thetuscanpaw.com/wp-content/uploads/elementor/google-fonts/fonts/ibmplexserif-jizarevnn1dox-zrz2x3pzvkti3a_yi7q1vxiq.woff2]
[thetuscanpaw.com/wp-content/uploads/elementor/google-fonts/fonts/ibmplexserif-jizarevnn1dox-zrz2x3pzvkti3a_yi6q1vxiq.woff2]
[thetuscanpaw.com/wp-content/uploads/elementor/google-fonts/fonts/ibmplexserif-jizarevnn1dox-zrz2x3pzvkti3a_yi0q1s.woff2]
[thetuscanpaw.com/wp-content/uploads/elementor/google-fonts/fonts/ibmplexserif-jizarevnn1dox-zrz2x3pzvkti2k_ii5q1vxiq.woff2]
[thetuscanpaw.com/wp-content/uploads/elementor/google-fonts/fonts/ibmplexserif-jizarevnn1dox-zrz2x3pzvkti2k_iiwq1vxiq.woff2]
[thetuscanpaw.com/wp-content/uploads/elementor/google-fonts/fonts/ibmplexserif-jizarevnn1dox-zrz2x3pzvkti2k_ii7q1vxiq.woff2]
[thetuscanpaw.com/wp-content/uploads/elementor/google-fonts/fonts/ibmplexserif-jizarevnn1dox-zrz2x3pzvkti2k_ii6q1vxiq.woff2]
[thetuscanpaw.com/wp-content/uploads/elementor/google-fonts/fonts/ibmplexserif-jizarevnn1dox-zrz2x3pzvkti2k_ii0q1s.woff2]
[thetuscanpaw.com/wp-content/uploads/elementor/google-fonts/css/ibmplexserifa7d0.css]
[thetuscanpaw.com/wp-content/uploads/elementor/google-fonts/fonts/poppins-pxiayp8kv8jhgfvrjjlme0tmmpkzsq.woff2]
[thetuscanpaw.com/wp-content/uploads/elementor/google-fonts/fonts/poppins-pxiayp8kv8jhgfvrjjlme0tcmpi.woff2]
[thetuscanpaw.com/wp-content/uploads/elementor/google-fonts/fonts/poppins-pxidyp8kv8jhgfvrjjlmv1pvgdeoceg.woff2]
[thetuscanpaw.com/wp-content/uploads/elementor/google-fonts/fonts/poppins-pxidyp8kv8jhgfvrjjlmv1pvf9eo.woff2]
[thetuscanpaw.com/wp-content/uploads/elementor/google-fonts/fonts/poppins-pxidyp8kv8jhgfvrjjlm21lvgdeoceg.woff2]
[thetuscanpaw.com/wp-content/uploads/elementor/google-fonts/fonts/poppins-pxidyp8kv8jhgfvrjjlm21lvf9eo.woff2]
[thetuscanpaw.com/wp-content/uploads/elementor/google-fonts/fonts/poppins-pxigyp8kv8jhgfvrjjlufntakpy.woff2]
[thetuscanpaw.com/wp-content/uploads/elementor/google-fonts/fonts/poppins-pxigyp8kv8jhgfvrjjluchta.woff2]
[thetuscanpaw.com/wp-content/uploads/elementor/google-fonts/fonts/poppins-pxidyp8kv8jhgfvrjjlmg1hvgdeoceg.woff2]
[thetuscanpaw.com/wp-content/uploads/elementor/google-fonts/fonts/poppins-pxidyp8kv8jhgfvrjjlmg1hvf9eo.woff2]
[thetuscanpaw.com/wp-content/uploads/elementor/google-fonts/fonts/poppins-pxidyp8kv8jhgfvrjjlmr19vgdeoceg.woff2]
[thetuscanpaw.com/wp-content/uploads/elementor/google-fonts/fonts/poppins-pxidyp8kv8jhgfvrjjlmr19vf9eo.woff2]
[thetuscanpaw.com/wp-content/uploads/elementor/google-fonts/fonts/poppins-pxidyp8kv8jhgfvrjjlmy15vgdeoceg.woff2]
[thetuscanpaw.com/wp-content/uploads/elementor/google-fonts/fonts/poppins-pxidyp8kv8jhgfvrjjlmy15vf9eo.woff2]
[thetuscanpaw.com/wp-content/uploads/elementor/google-fonts/fonts/poppins-pxidyp8kv8jhgfvrjjlm111vgdeoceg.woff2]
[thetuscanpaw.com/wp-content/uploads/elementor/google-fonts/fonts/poppins-pxidyp8kv8jhgfvrjjlm111vf9eo.woff2]
[thetuscanpaw.com/wp-content/uploads/elementor/google-fonts/fonts/poppins-pxidyp8kv8jhgfvrjjlm81xvgdeoceg.woff2]
[thetuscanpaw.com/wp-content/uploads/elementor/google-fonts/fonts/poppins-pxidyp8kv8jhgfvrjjlm81xvf9eo.woff2]
[thetuscanpaw.com/wp-content/uploads/elementor/google-fonts/fonts/poppins-pxigyp8kv8jhgfvrlptufntakpy.woff2]
[thetuscanpaw.com/wp-content/uploads/elementor/google-fonts/fonts/poppins-pxigyp8kv8jhgfvrlptuchta.woff2]
[thetuscanpaw.com/wp-content/uploads/elementor/google-fonts/fonts/poppins-pxibyp8kv8jhgfvrlfj_z1jlfc-k.woff2]
[thetuscanpaw.com/wp-content/uploads/elementor/google-fonts/fonts/poppins-pxibyp8kv8jhgfvrlfj_z1xlfq.woff2]
[thetuscanpaw.com/wp-content/uploads/elementor/google-fonts/fonts/poppins-pxibyp8kv8jhgfvrldz8z1jlfc-k.woff2]
[thetuscanpaw.com/wp-content/uploads/elementor/google-fonts/fonts/poppins-pxibyp8kv8jhgfvrldz8z1xlfq.woff2]
[thetuscanpaw.com/wp-content/uploads/elementor/google-fonts/fonts/poppins-pxieyp8kv8jhgfvrjjnecmne.woff2]
[thetuscanpaw.com/wp-content/uploads/elementor/google-fonts/fonts/poppins-pxieyp8kv8jhgfvrjjfecg.woff2]
[thetuscanpaw.com/wp-content/uploads/elementor/google-fonts/fonts/poppins-pxibyp8kv8jhgfvrlgt9z1jlfc-k.woff2]
[thetuscanpaw.com/wp-content/uploads/elementor/google-fonts/fonts/poppins-pxibyp8kv8jhgfvrlgt9z1xlfq.woff2]
[thetuscanpaw.com/wp-content/uploads/elementor/google-fonts/fonts/poppins-pxibyp8kv8jhgfvrlej6z1jlfc-k.woff2]
[thetuscanpaw.com/wp-content/uploads/elementor/google-fonts/fonts/poppins-pxibyp8kv8jhgfvrlej6z1xlfq.woff2]
[thetuscanpaw.com/wp-content/uploads/elementor/google-fonts/fonts/poppins-pxibyp8kv8jhgfvrlcz7z1jlfc-k.woff2]
[thetuscanpaw.com/wp-content/uploads/elementor/google-fonts/fonts/poppins-pxibyp8kv8jhgfvrlcz7z1xlfq.woff2]
[thetuscanpaw.com/wp-content/uploads/elementor/google-fonts/fonts/poppins-pxibyp8kv8jhgfvrldd4z1jlfc-k.woff2]
[thetuscanpaw.com/wp-content/uploads/elementor/google-fonts/fonts/poppins-pxibyp8kv8jhgfvrldd4z1xlfq.woff2]
[thetuscanpaw.com/wp-content/uploads/elementor/google-fonts/fonts/poppins-pxibyp8kv8jhgfvrlbt5z1jlfc-k.woff2]
[thetuscanpaw.com/wp-content/uploads/elementor/google-fonts/fonts/poppins-pxibyp8kv8jhgfvrlbt5z1xlfq.woff2]
[thetuscanpaw.com/wp-content/uploads/elementor/google-fonts/css/poppins87e5.css]
[thetuscanpaw.com/wp-content/uploads/elementor/google-fonts/fonts/manrope-xn7gyhe41ni1adirggqxsuxd.woff2]
[thetuscanpaw.com/wp-content/uploads/elementor/google-fonts/fonts/manrope-xn7gyhe41ni1adirggoxsuxd.woff2]
[thetuscanpaw.com/wp-content/uploads/elementor/google-fonts/fonts/manrope-xn7gyhe41ni1adirggsxsuxd.woff2]
[thetuscanpaw.com/wp-content/uploads/elementor/google-fonts/fonts/manrope-xn7gyhe41ni1adirggixsuxd.woff2]
[thetuscanpaw.com/wp-content/uploads/elementor/google-fonts/fonts/manrope-xn7gyhe41ni1adirggmxsuxd.woff2]
[thetuscanpaw.com/wp-content/uploads/elementor/google-fonts/fonts/manrope-xn7gyhe41ni1adirggexsg.woff2]
[thetuscanpaw.com/wp-content/uploads/elementor/google-fonts/css/manrope6850.css]
[thetuscanpaw.com/xmlrpc0db0.html]
[thetuscanpaw.com/wp-content/themes/blocksy/static/bundle/no-scripts.min.css]
[thetuscanpaw.com/wp-json/wp/v2/pages/64.json]
[thetuscanpaw.com/wp-json/oembed/1.0/embedf39a.json]
[thetuscanpaw.com/negozio/index.html]
[thetuscanpaw.com/wp-json/oembed/1.0/embed79ea]
[thetuscanpaw.com/wp-content/uploads/2024/08/cute-puppy-dachshund-dog-posing-isolated-brown-background.png]
[thetuscanpaw.com/negozio/pate-di-manzo-con-verdure-x-60-unita-2/index.html]
[thetuscanpaw.com/wp-content/uploads/2025/01/DOGSRUN54.png]
[thetuscanpaw.com/wp-json/wp/v2/pages/1037.json]
[thetuscanpaw.com/product-category/abbonamenti/index.html]
[thetuscanpaw.com/negozio/pate-di-manzo-con-verdure-x-10-unita/index.html]
[thetuscanpaw.com/wp-json/oembed/1.0/embed2dca.json]
[thetuscanpaw.com/chi-siamo/index.html]
[thetuscanpaw.com/wp-json/oembed/1.0/embeda044]
[thetuscanpaw.com/wp-json/wp/v2/pages/2499.json]
[thetuscanpaw.com/il-mio-accountt/index.html]
[thetuscanpaw.com/wp-json/oembed/1.0/embed7aec.json]
[thetuscanpaw.com/wp-json/oembed/1.0/embed71d3]
[thetuscanpaw.com/wp-content/uploads/2025/01/shutterstock_1971661520.jpg]
[thetuscanpaw.com/wp-content/uploads/2025/01/shutterstock_2077340170-Convertido.png]
[thetuscanpaw.com/wp-content/uploads/2024/08/cute-puppy-dachshund-dog-posing-isolated-brown-background-768x512.png]
[thetuscanpaw.com/wp-content/uploads/2025/01/DOGSRUN54-768x512.png]
[thetuscanpaw.com/blog/index.html]
[thetuscanpaw.com/wp-content/uploads/2021/12/close-up-beautiful-dachshund-dog-with-chewing-toy-768x512.png]
[thetuscanpaw.com/wp-content/uploads/2021/12/portrait-black-dachshund-puppy-768x512.png]
[thetuscanpaw.com/la-storia-del-bassotto/index.html]
[thetuscanpaw.com/intelligenza-del-bassotto/index.html]
[thetuscanpaw.com/cosa-offriamo/index.html]
[thetuscanpaw.com/dignissim-cras-tincidunt-lobortis/index.html]
[thetuscanpaw.com/la-lealta-del-bassotto/index.html]
[thetuscanpaw.com/wp-json/wp/v2/pages/1361.json]
[thetuscanpaw.com/wp-json/oembed/1.0/embede574.json]
[thetuscanpaw.com/wp-json/oembed/1.0/embed0d6f]
[thetuscanpaw.com/wp-content/uploads/2021/12/close-up-beautiful-dachshund-dog-with-chewing-toy.png]
[thetuscanpaw.com/contatto/index.html]
[thetuscanpaw.com/wp-json/wp/v2/pages/3.json]
[thetuscanpaw.com/privacy-policy-2/feed/index.html]
[thetuscanpaw.com/wp-json/oembed/1.0/embedb971.json]
[thetuscanpaw.com/wp-json/oembed/1.0/embedcd22]
[thetuscanpaw.com/privacy-policy-2/index.html]
[thetuscanpaw.com/wp-includes/css/dist/block-library/style.min0899.css]
[thetuscanpaw.com/wp-content/plugins/woocommerce/assets/css/select2daac.css]
[thetuscanpaw.com/wp-content/plugins/woocommerce-subscriptions/assets/css/checkoutdaac.css]
[thetuscanpaw.com/wp-content/plugins/woocommerce-paypal-payments/modules/ppcp-button/assets/css/gateway7c45.css]
[thetuscanpaw.com/wp-content/plugins/woocommerce-paypal-payments/modules/ppcp-blocks/assets/css/gateway7c45.css]
[thetuscanpaw.com/wp-content/plugins/woocommerce-paypal-payments/modules/ppcp-axo-block/assets/css/gateway7c45.css]
[thetuscanpaw.com/wp-content/themes/blocksy/static/bundle/woocommerce-cart-checkout-blocks.min3c94.css]
[thetuscanpaw.com/wp-content/plugins/woocommerce-gateway-stripe/build/express-checkoute149.css]
[thetuscanpaw.com/wp-content/plugins/woocommerce/assets/js/frontend/country-select.mindaac.js]
[thetuscanpaw.com/wp-content/plugins/woocommerce/assets/js/frontend/address-i18n.mindaac.js]
[thetuscanpaw.com/wp-content/plugins/woocommerce/assets/js/frontend/cart.mindaac.js]
[thetuscanpaw.com/wp-content/plugins/woocommerce/assets/js/selectWoo/selectWoo.full.minacdf.js]
[thetuscanpaw.com/wp-includes/js/zxcvbn-async.min5152.js]
[thetuscanpaw.com/wp-admin/js/password-strength-meter.min0899.js]
[thetuscanpaw.com/wp-content/plugins/woocommerce/assets/js/frontend/password-strength-meter.mindaac.js]
[thetuscanpaw.com/wp-json/wp/v2/pages/6241.json]
[thetuscanpaw.com/wp-json/oembed/1.0/embedce79.json]
[thetuscanpaw.com/wp-json/oembed/1.0/embedc855]
[thetuscanpaw.com/wp-content/plugins/woocommerce/assets/client/blocks/all-products392f.css]
[thetuscanpaw.com/wp-content/plugins/woocommerce/assets/client/blocks/cart392f.css]
[thetuscanpaw.com/wp-content/plugins/woocommerce/assets/client/blocks/packages-style392f.css]
[thetuscanpaw.com/wp-content/plugins/woocommerce-gateway-stripe/build/upe-classic1cfc.css]
[thetuscanpaw.com/wp-content/plugins/woocommerce-gateway-stripe/assets/css/stripe-link1cfc.css]
[thetuscanpaw.com/wp-content/plugins/woocommerce-subscriptions/assets/js/frontend/wcs-cart9662.js]
[thetuscanpaw.com/wp-content/plugins/woocommerce-paypal-payments/modules/ppcp-button/assets/js/button7c45.js]
[thetuscanpaw.com/wp-includes/js/dist/vendor/lodash.mind1d1.js]
[thetuscanpaw.com/wp-includes/js/dist/vendor/react.mine1ab.js]
[thetuscanpaw.com/wp-includes/js/dist/vendor/react-dom.mine1ab.js]
[thetuscanpaw.com/wp-includes/js/dist/vendor/wp-polyfill.min2c7c.js]
[thetuscanpaw.com/wp-includes/js/dist/url.min16bb.js]
[thetuscanpaw.com/wp-includes/js/dist/api-fetch.minc31c.js]
[thetuscanpaw.com/wp-includes/js/dist/vendor/react-jsx-runtime.mincb06.js]
[thetuscanpaw.com/wp-includes/js/dist/deprecated.min0a8b.js]
[thetuscanpaw.com/wp-includes/js/dist/dom.minbf15.js]
[thetuscanpaw.com/wp-includes/js/dist/escape-html.min3a9d.js]
[thetuscanpaw.com/wp-includes/js/dist/element.minfa0f.js]
[thetuscanpaw.com/wp-includes/js/dist/is-shallow-equal.mincb09.js]
[thetuscanpaw.com/wp-includes/js/dist/keycodes.min8cc0.js]
[thetuscanpaw.com/wp-includes/js/dist/priority-queue.minc7db.js]
[thetuscanpaw.com/wp-includes/js/dist/compose.minb1f8.js]
[thetuscanpaw.com/wp-includes/js/dist/private-apis.mine8e0.js]
[thetuscanpaw.com/wp-includes/js/dist/redux-routine.min29d8.js]
[thetuscanpaw.com/wp-includes/js/dist/data.mindba4.js]
[thetuscanpaw.com/wp-includes/js/dist/html-entities.min5b55.js]
[thetuscanpaw.com/wp-content/plugins/woocommerce-gateway-stripe/build/express-checkoute149.js]
[thetuscanpaw.com/wp-content/plugins/woocommerce-paypal-payments/modules/ppcp-wc-gateway/assets/js/fraudnet7c45.js]
[thetuscanpaw.com/wp-content/plugins/woocommerce/assets/client/blocks/wc-cart-checkout-base-frontendf14a.js]
[thetuscanpaw.com/wp-content/plugins/woocommerce/assets/client/blocks/wc-cart-checkout-vendors-frontend7661.js]
[thetuscanpaw.com/wp-content/plugins/woocommerce/assets/client/blocks/wc-types0613.js]
[thetuscanpaw.com/wp-content/plugins/woocommerce/assets/client/blocks/blocks-checkout-events076b.js]
[thetuscanpaw.com/wp-content/plugins/woocommerce/assets/client/blocks/wc-settings5806.js]
[thetuscanpaw.com/wp-content/plugins/woocommerce/assets/client/blocks/wc-blocks-registryf6de.js]
[thetuscanpaw.com/wp-includes/js/dist/data-controls.min01e0.js]
[thetuscanpaw.com/wp-includes/js/dist/notices.minfe2f.js]
[thetuscanpaw.com/wp-content/plugins/woocommerce/assets/client/blocks/wc-blocks-middlewaree7cf.js]
[thetuscanpaw.com/wp-content/plugins/woocommerce/assets/client/blocks/wc-blocks-data40f9.js]
[thetuscanpaw.com/wp-includes/js/dist/dom-ready.min5346.js]
[thetuscanpaw.com/wp-includes/js/dist/a11y.min3f73.js]
[thetuscanpaw.com/wp-includes/js/dist/primitives.min4e94.js]
[thetuscanpaw.com/wp-content/plugins/woocommerce/assets/client/blocks/blocks-components9010.js]
[thetuscanpaw.com/wp-includes/js/dist/warning.min85d7.js]
[thetuscanpaw.com/wp-content/plugins/woocommerce/assets/client/blocks/blocks-checkoutae68.js]
[thetuscanpaw.com/wp-content/plugins/woocommerce/assets/client/blocks/wc-blocks-shared-contextc8b7.js]
[thetuscanpaw.com/wp-content/plugins/woocommerce/assets/client/blocks/wc-blocks-shared-hocseab1.js]
[thetuscanpaw.com/wp-content/plugins/woocommerce/assets/client/blocks/price-formatb4c7.js]
[thetuscanpaw.com/wp-includes/js/dist/autop.min33af.js]
[thetuscanpaw.com/wp-includes/js/dist/plugins.min8a16.js]
[thetuscanpaw.com/wp-includes/js/dist/style-engine.min2236.js]
[thetuscanpaw.com/wp-includes/js/dist/wordcount.min9ebf.js]
[thetuscanpaw.com/wp-content/plugins/woocommerce-subscriptions/build/index553c.js]
[thetuscanpaw.com/wp-content/plugins/woocommerce-gateway-stripe/build/upe-blocksbc2f.js]
[thetuscanpaw.com/wp-content/plugins/woocommerce-paypal-payments/modules/ppcp-blocks/assets/js/checkout-block7c45.js]
[thetuscanpaw.com/wp-content/plugins/woocommerce-paypal-payments/modules/ppcp-blocks/assets/js/advanced-card-checkout-block7c45.js]
[thetuscanpaw.com/wp-content/plugins/woocommerce-paypal-payments/modules/ppcp-local-alternative-payment-methods/assets/js/bancontact-payment-method7c45.js]
[thetuscanpaw.com/wp-content/plugins/woocommerce-paypal-payments/modules/ppcp-local-alternative-payment-methods/assets/js/blik-payment-method7c45.js]
[thetuscanpaw.com/wp-content/plugins/woocommerce-paypal-payments/modules/ppcp-local-alternative-payment-methods/assets/js/eps-payment-method7c45.js]
[thetuscanpaw.com/wp-content/plugins/woocommerce-paypal-payments/modules/ppcp-local-alternative-payment-methods/assets/js/ideal-payment-method7c45.js]
[thetuscanpaw.com/wp-content/plugins/woocommerce-paypal-payments/modules/ppcp-local-alternative-payment-methods/assets/js/mybank-payment-method7c45.js]
[thetuscanpaw.com/wp-content/plugins/woocommerce-paypal-payments/modules/ppcp-local-alternative-payment-methods/assets/js/p24-payment-method7c45.js]
[thetuscanpaw.com/wp-content/plugins/woocommerce-paypal-payments/modules/ppcp-local-alternative-payment-methods/assets/js/trustly-payment-method7c45.js]
[thetuscanpaw.com/wp-content/plugins/woocommerce-paypal-payments/modules/ppcp-local-alternative-payment-methods/assets/js/multibanco-payment-method7c45.js]
[thetuscanpaw.com/wp-content/plugins/woocommerce/assets/client/blocks/cart-frontend7d5a.js]
[thetuscanpaw.com/wp-content/plugins/woocommerce/assets/js/frontend/checkout.mindaac.js]
[thetuscanpaw.com/wp-content/plugins/woocommerce-gateway-stripe/build/upe-classic1cfc.js]
[thetuscanpaw.com/carrello/index.html]
[thetuscanpaw.com/wp-content/plugins/woocommerce/assets/css/photoswipe/photoswipe.mindaac.css]
[thetuscanpaw.com/wp-content/plugins/woocommerce/assets/css/photoswipe/default-skin/default-skin.mindaac.css]
[thetuscanpaw.com/negozio/cibo-umido-150g/feed/index.html]
[thetuscanpaw.com/wp-content/themes/blocksy/static/bundle/comments.min3c94.css]
[thetuscanpaw.com/wp-content/plugins/elementor-pro/assets/css/widget-woocommerce-product-images.min2801.css]
[thetuscanpaw.com/wp-content/plugins/elementor-pro/assets/css/widget-woocommerce-product-price.min2801.css]
[thetuscanpaw.com/wp-content/plugins/elementor-pro/assets/css/widget-woocommerce-product-add-to-cart.min2801.css]
[thetuscanpaw.com/wp-content/plugins/elementor-pro/assets/css/widget-woocommerce-product-data-tabs.min2801.css]
[thetuscanpaw.com/wp-content/plugins/woocommerce/assets/js/zoom/jquery.zoom.minb0e7.js]
[thetuscanpaw.com/wp-content/plugins/woocommerce/assets/js/flexslider/jquery.flexslider.mindf4e.js]
[thetuscanpaw.com/wp-content/plugins/woocommerce/assets/js/photoswipe/photoswipe.min6e59.js]
[thetuscanpaw.com/wp-content/plugins/woocommerce/assets/js/photoswipe/photoswipe-ui-default.min6e59.js]
[thetuscanpaw.com/wp-content/plugins/woocommerce/assets/js/frontend/single-product.mindaac.js]
[thetuscanpaw.com/wp-json/wp/v2/product/71.json]
[thetuscanpaw.com/wp-json/oembed/1.0/embed42de.json]
[thetuscanpaw.com/wp-json/oembed/1.0/embed7ed2]
[thetuscanpaw.com/wp-content/uploads/2024/12/MANZO.jpg]
[thetuscanpaw.com/wp-content/uploads/2024/12/MANZO-600x600.jpg]
[thetuscanpaw.com/wp-content/uploads/2021/11/boxx10-2.jpg]
[thetuscanpaw.com/wp-content/uploads/2021/11/boxx10-2-600x549.jpg]
[thetuscanpaw.com/wp-content/uploads/2021/11/box11-1.jpg]
[thetuscanpaw.com/wp-content/uploads/2021/11/box11-1-600x549.jpg]
[thetuscanpaw.com/wp-content/plugins/woocommerce-subscriptions/assets/js/frontend/single-product9662.js]
[thetuscanpaw.com/wp-includes/js/comment-reply.min0899.js]
[thetuscanpaw.com/negozio/cibo-umido-150g/index.html]
[thetuscanpaw.com/wp-json/wp/v2/product/5130.json]
[thetuscanpaw.com/negozio/pate-di-manzo-con-verdure-x-60-unita/feed/index.html]
[thetuscanpaw.com/wp-json/oembed/1.0/embedcca7.json]
[thetuscanpaw.com/negozio/pate-di-manzo-con-verdure-x-60-unita/index.html]
[thetuscanpaw.com/wp-json/oembed/1.0/embeda0cb]
[thetuscanpaw.com/wp-json/wp/v2/product_cat/52.json]
[thetuscanpaw.com/product-category/cibo/index.html]
[thetuscanpaw.com/product-category/cibo/feed/index.html]
[thetuscanpaw.com/wp-json/wp/v2/product_cat/44.json]
[thetuscanpaw.com/product-category/senza-categoria/index.html]
[thetuscanpaw.com/indexc4e8.html]
[thetuscanpaw.com/indexafa6.html]
[thetuscanpaw.com/product-category/senza-categoria/feed/index.html]
[thetuscanpaw.com/wp-content/plugins/woocommerce-subscriptions/assets/css/view-subscription9662.css]
[thetuscanpaw.com/wp-content/themes/blocksy/static/bundle/share-box.min3c94.css]
[thetuscanpaw.com/wp-content/plugins/woocommerce/assets/js/frontend/account-i18n.mindaac.js]
[thetuscanpaw.com/wp-json/wp/v2/pages/6251.json]
[thetuscanpaw.com/wp-json/oembed/1.0/embedb27d.json]
[thetuscanpaw.com/il-mio-account/index.html]
[thetuscanpaw.com/wp-json/oembed/1.0/embed22f1]
[thetuscanpaw.com/wp-json/wp/v2/pages/5297.json]
[thetuscanpaw.com/il-mio-account/lost-password/index.html]
[thetuscanpaw.com/wp-json/oembed/1.0/embed7865.json]
[thetuscanpaw.com/politica-di-rimborso-e-reso/index.html]
[thetuscanpaw.com/wp-content/uploads/2021/12/payment-icons-footer.html]
[thetuscanpaw.com/wp-content/plugins/woocommerce-gateway-stripe/build/upe-blocksbc2f.css]
[thetuscanpaw.com/wp-content/plugins/woocommerce/assets/client/blocks/wc-blocks392f.css]
[thetuscanpaw.com/index8cd4.html]
[thetuscanpaw.com/negozio/indexc4e8.html]
[thetuscanpaw.com/negozio/indexafa6.html]
[thetuscanpaw.com/wp-json/oembed/1.0/embed7f11]
[thetuscanpaw.com/wp-json/wp/v2/product/5698.json]
[thetuscanpaw.com/negozio/pate-di-manzo-con-verdure-x-60-unita-2/feed/index.html]
[thetuscanpaw.com/wp-json/oembed/1.0/embed48d5.json]
[thetuscanpaw.com/wp-json/oembed/1.0/embed350d]
[thetuscanpaw.com/negozio/pate-di-manzo-con-verdure-x-60-unita-2/index.html]
[thetuscanpaw.com/wp-json/wp/v2/product_cat/114.json]
[thetuscanpaw.com/product-category/abbonamenti/index.html]
[thetuscanpaw.com/negozio/indexcf92.html]
[thetuscanpaw.com/product-category/abbonamenti/feed/index.html]
[thetuscanpaw.com/negozio/pate-di-manzo-con-verdure-x-10-unita/feed/index.html]
[thetuscanpaw.com/wp-json/oembed/1.0/embedacb9.json]
[thetuscanpaw.com/negozio/pate-di-manzo-con-verdure-x-10-unita/index.html]
[thetuscanpaw.com/negozio/indexa508.html]
[thetuscanpaw.com/indexea31.html]
[thetuscanpaw.com/il-mio-accountt/index.html]
[thetuscanpaw.com/index726a.html]
[thetuscanpaw.com/blog/index.html]
[thetuscanpaw.com/wp-json/oembed/1.0/embed4d0e]
[thetuscanpaw.com/wp-content/themes/blocksy/static/bundle/posts-nav.min3c94.css]
[thetuscanpaw.com/wp-json/wp/v2/posts/465.json]
[thetuscanpaw.com/intelligenza-del-bassotto/feed/index.html]
[thetuscanpaw.com/wp-json/oembed/1.0/embededba.json]
[thetuscanpaw.com/wp-json/oembed/1.0/embed7a0a]
[thetuscanpaw.com/intelligenza-del-bassotto/index.html]
[thetuscanpaw.com/wp-login957b.html]
[thetuscanpaw.com/wp-json/wp/v2/posts/512.json]
[thetuscanpaw.com/la-storia-del-bassotto/feed/index.html]
[thetuscanpaw.com/wp-json/oembed/1.0/embedb820.json]
[thetuscanpaw.com/wp-json/oembed/1.0/embed5976]
[thetuscanpaw.com/la-storia-del-bassotto/index.html]
[thetuscanpaw.com/wp-login0225.html]
[thetuscanpaw.com/wp-json/wp/v2/posts/583.json]
[thetuscanpaw.com/la-lealta-del-bassotto/feed/index.html]
[thetuscanpaw.com/wp-json/oembed/1.0/embed75f1.json]
[thetuscanpaw.com/wp-json/oembed/1.0/embeddbd5]
[thetuscanpaw.com/wp-content/uploads/2021/12/portrait-black-dachshund-puppy.png]
[thetuscanpaw.com/wp-loginb947.html]
[thetuscanpaw.com/la-lealta-del-bassotto/index.html]
[thetuscanpaw.com/wp-json/wp/v2/posts/462.json]
[thetuscanpaw.com/dignissim-cras-tincidunt-lobortis/feed/index.html]
[thetuscanpaw.com/wp-json/oembed/1.0/embed8ddc.json]
[thetuscanpaw.com/wp-json/oembed/1.0/embedc3ae]
[thetuscanpaw.com/dignissim-cras-tincidunt-lobortis/index.html]
[thetuscanpaw.com/wp-login0e3f.html]
[thetuscanpaw.com/index652d.html]
[thetuscanpaw.com/index2207.html]
[thetuscanpaw.com/wp-includes/css/dist/block-library/style.min0899.css]
[thetuscanpaw.com/wp-content/plugins/woocommerce/assets/css/select2daac.css]
[thetuscanpaw.com/wp-content/plugins/woocommerce-subscriptions/assets/css/checkoutdaac.css]
[thetuscanpaw.com/wp-content/plugins/woocommerce-paypal-payments/modules/ppcp-button/assets/css/gateway7c45.css]
[thetuscanpaw.com/wp-content/plugins/woocommerce-paypal-payments/modules/ppcp-blocks/assets/css/gateway7c45.css]
[thetuscanpaw.com/wp-content/plugins/woocommerce-paypal-payments/modules/ppcp-axo-block/assets/css/gateway7c45.css]
[thetuscanpaw.com/wp-content/themes/blocksy/static/bundle/woocommerce-cart-checkout-blocks.min3c94.css]
[thetuscanpaw.com/wp-content/plugins/woocommerce-gateway-stripe/build/express-checkoute149.css]
[thetuscanpaw.com/index8769.html]
[thetuscanpaw.com/carrello/indexcf92.html]
[thetuscanpaw.com/carrello/indexa508.html]
[thetuscanpaw.com/carrello/indexc4e8.html]
[thetuscanpaw.com/carrello/indexafa6.html]
[thetuscanpaw.com/wp-content/plugins/woocommerce/assets/client/blocks/all-products392f.css]
[thetuscanpaw.com/wp-content/plugins/woocommerce/assets/client/blocks/cart392f.css]
[thetuscanpaw.com/wp-content/plugins/woocommerce/assets/client/blocks/packages-style392f.css]
[thetuscanpaw.com/wp-content/plugins/woocommerce-gateway-stripe/build/upe-classic1cfc.css]
[thetuscanpaw.com/wp-content/plugins/woocommerce-gateway-stripe/assets/images/link.svg]
[thetuscanpaw.com/wp-content/plugins/woocommerce-gateway-stripe/assets/css/stripe-link1cfc.css]
[thetuscanpaw.com/wp-admin/admin-ajaxf809.html]
[thetuscanpaw.com/wp-content/plugins/woocommerce/assets/css/photoswipe/default-skin/default-skin.png]
[thetuscanpaw.com/wp-content/plugins/woocommerce/assets/css/photoswipe/photoswipe.mindaac.css]
[thetuscanpaw.com/wp-content/plugins/woocommerce/assets/css/photoswipe/default-skin/default-skin.svg]
[thetuscanpaw.com/wp-content/plugins/woocommerce/assets/css/photoswipe/default-skin/preloader.gif]
[thetuscanpaw.com/wp-content/plugins/woocommerce/assets/css/photoswipe/default-skin/default-skin.mindaac.css]
[thetuscanpaw.com/wp-content/themes/blocksy/static/bundle/comments.min3c94.css]
[thetuscanpaw.com/wp-content/plugins/elementor-pro/assets/css/widget-woocommerce-product-images.min2801.css]
[thetuscanpaw.com/wp-content/plugins/elementor-pro/assets/css/widget-woocommerce-product-price.min2801.css]
[thetuscanpaw.com/wp-content/plugins/elementor-pro/assets/css/widget-woocommerce-product-add-to-cart.min2801.css]
[thetuscanpaw.com/wp-content/plugins/elementor-pro/assets/css/widget-woocommerce-product-data-tabs.min2801.css]
[thetuscanpaw.com/index6cf3.html]
[thetuscanpaw.com/index80f0.html]
[thetuscanpaw.com/product-category/cibo/indexafa6.html]
[thetuscanpaw.com/product-category/cibo/indexc4e8.html]
[thetuscanpaw.com/product-category/senza-categoria/indexafa6.html]
[thetuscanpaw.com/product-category/senza-categoria/indexc4e8.html]
[thetuscanpaw.com/wp-content/plugins/woocommerce-subscriptions/assets/css/view-subscription9662.css]
[thetuscanpaw.com/wp-content/themes/blocksy/static/bundle/share-box.min3c94.css]
[thetuscanpaw.com/index4ecb.html]
[thetuscanpaw.com/wp-content/plugins/woocommerce/assets/js/frontend/lost-password.mindaac.js]
[thetuscanpaw.com/il-mio-account/lost-password/index.html]
[thetuscanpaw.com/index2a89.html]
[thetuscanpaw.com/index7ab0.html]
[thetuscanpaw.com/product-category/abbonamenti/indexcf92.html]
[thetuscanpaw.com/index6cc4.html]
[thetuscanpaw.com/wp-content/themes/blocksy/static/bundle/posts-nav.min3c94.css]
[thetuscanpaw.com/index6b92.html]
[thetuscanpaw.com/wp-includes/css/dashicons.min0899.css]
[thetuscanpaw.com/wp-includes/css/buttons.min0899.css]
[thetuscanpaw.com/wp-admin/css/forms.min0899.css]
[thetuscanpaw.com/wp-json/wp/v2/product/5697]
[thetuscanpaw.com/wp-admin/css/l10n.min0899.css]
[thetuscanpaw.com/wp-admin/css/login.min0899.css]
[thetuscanpaw.com/wp-content/uploads/2025/04/cropped-Logo-B_FinalWhite-2-270x270.png]
[thetuscanpaw.com/wp-login0ddc.html]
[thetuscanpaw.com/wp-loginc2b6.html]
[thetuscanpaw.com/wp-includes/js/clipboard.min3c89.js]
[thetuscanpaw.com/wp-includes/js/underscore.min3ab8.js]
[thetuscanpaw.com/wp-includes/js/wp-util.min0899.js]
[thetuscanpaw.com/wp-admin/js/user-profile.min0899.js]
[thetuscanpaw.com/wp-login957b.html]
[thetuscanpaw.com/indexb87d.html]
[thetuscanpaw.com/wp-login0225.html]
[thetuscanpaw.com/index61a9.html]
[thetuscanpaw.com/wp-loginb947.html]
[thetuscanpaw.com/indexd526.html]
[thetuscanpaw.com/wp-login0e3f.html]
[thetuscanpaw.com/wp-content/plugins/woocommerce-gateway-stripe/assets/images/link.svg]
[thetuscanpaw.com/wp-content/plugins/woocommerce/assets/css/photoswipe/default-skin/default-skin.svg]
[thetuscanpaw.com/product-category/abbonamenti/indexa508.html]
[thetuscanpaw.com/wp-includes/fonts/dashicons7d4b.eot]
[thetuscanpaw.com/wp-includes/fonts/dashicons7d4b.ttf]
[thetuscanpaw.com/wp-includes/css/dashicons.min0899.css]
[thetuscanpaw.com/wp-includes/css/buttons.min0899.css]
[thetuscanpaw.com/wp-admin/images/loading.gif]
[thetuscanpaw.com/wp-admin/css/forms.min0899.css]
[thetuscanpaw.com/wp-admin/css/l10n.min0899.css]
[thetuscanpaw.com/wp-admin/images/w-logo-blue7a53.png]
[thetuscanpaw.com/wp-admin/images/wordpress-logo7d6b.svg]
[thetuscanpaw.com/wp-admin/css/login.min0899.css]
[thetuscanpaw.com/wp-login.html]
[thetuscanpaw.com/wp-login0ddc.html]
[thetuscanpaw.com/wp-loginc2b6.html]
[thetuscanpaw.com/wp-admin/images/wordpress-logo7d6b.svg]
[thetuscanpaw.com/wp-login.html]
